
> colton-app@0.1.0 test
> react-scripts test --coverage

PASS src/App.test.js
  ✓ renders learn react link (36 ms)

--------------------------|---------|----------|---------|---------|-------------------
File                      | % Stmts | % Branch | % Funcs | % Lines | Uncovered Line #s 
--------------------------|---------|----------|---------|---------|-------------------
All files                 |    5.95 |        0 |    7.89 |    6.17 |                   
 src                      |    8.33 |        0 |   33.33 |    8.33 |                   
  App.js                  |     100 |      100 |     100 |     100 |                   
  index.js                |       0 |      100 |     100 |       0 | 9-21              
  reportWebVitals.js      |       0 |        0 |       0 |       0 | 1-8               
 src/components           |    2.43 |        0 |       0 |     2.5 |                   
  Filter.tsx              |       0 |        0 |       0 |       0 | 12-46             
  NavBar.tsx              |       0 |      100 |       0 |       0 | 6                 
  VideoContext.js         |      10 |        0 |       0 |      10 | 7-25              
  VideoFile.tsx           |       0 |      100 |       0 |       0 | 21-30             
  VideoList.tsx           |       0 |        0 |       0 |       0 | 12-30             
 src/interfaces           |       0 |        0 |       0 |       0 |                   
  VideoProps.tsx          |       0 |        0 |       0 |       0 |                   
 src/pages                |    9.67 |        0 |   14.28 |   10.34 |                   
  About.js                |       0 |      100 |       0 |       0 | 6-25              
  Home.js                 |     100 |      100 |     100 |     100 |                   
  ProfessionalProjects.js |       0 |      100 |       0 |       0 | 11-40             
  SoloProjects.js         |       0 |      100 |       0 |       0 | 11-40             
  VideoPlayer.js          |       0 |        0 |       0 |       0 | 7-15              
--------------------------|---------|----------|---------|---------|-------------------
Test Suites: 1 passed, 1 total
Tests:       1 passed, 1 total
Snapshots:   0 total
Time:        3.499 s
Ran all test suites.
